// Jest Snapshot v1, https://goo.gl/fbAQLP

exports[`Tests en el <AddCategory/> Test de Snapshot 1`] = `
<form
  onSubmit={[Function]}
>
  <input
    onChange={[Function]}
    type="text"
    value=""
  />
</form>
`;
